ORACLE = FOREIGN KEY(REFERENCES)


SQL> CREATE TABLE COLLEGE(CCODE VARCHAR2(10) PRIMARY KEY,LOC VARCHAR2(10));

Table created.

SQL> SELECT*FROM COLLEGE;

no rows selected

SQL> INSERT INTO COLLEGE VALUES('CBIT','MADHAPUR');

1 row created.

SQL> INSERT INTO COLLEGE VALUES('VBIT','SRNAGAR');

1 row created.

SQL> INSERT INTO COLLEGE VALUES('SVIT','RAMNAGAR');

1 row created.

SQL> SELECT*FROM COLLEGE;

CCODE      LOC
---------- ----------
CBIT       MADHAPUR
VBIT       SRNAGAR
SVIT       RAMNAGAR

SQL>
SQL> COMMIT;

Commit complete.

SQL> SELECT*FROM COLLEGE;

CCODE      LOC
---------- ----------
CBIT       MADHAPUR
VBIT       SRNAGAR
SVIT       RAMNAGAR

SQL> CREATE TABLE STUDENTS(STID NUMBER(4) PRIMARY KEY,STNAME VARCHAR2(10) CODE VARCHAR2(10) REFERENCES COLLEGE (CODE));
CREATE TABLE STUDENTS(STID NUMBER(4) PRIMARY KEY,STNAME VARCHAR2(10) CODE VARCHAR2(10) REFERENCES COLLEGE (CODE))
                                                                     *
ERROR at line 1:
ORA-00907: missing right parenthesis


SQL> CREATE TABLE STUDENTS(STID NUMBER(4) PRIMARY KEY,SNAME VARCHAR2(10) CCODE VARCHAR2(10) REFERENCES COLLEGE (CCODE));
CREATE TABLE STUDENTS(STID NUMBER(4) PRIMARY KEY,SNAME VARCHAR2(10) CCODE VARCHAR2(10) REFERENCES COLLEGE (CCODE))
                                                                    *
ERROR at line 1:
ORA-00907: missing right parenthesis


SQL> CREATE TABLE STUDENTS(STID NUMBER(4) PRIMARY KEY,SNAME VARCHAR2(10), CCODE VARCHAR2(10) REFERENCES COLLEGE (CCODE));

Table created.

SQL> INSERT INTO STUDENTS VALUES(1021,'PAVAN','CBIT');

1 row created.

SQL> INSERT INTO STUDENTS VALUES(1022,'SURAJ','SVIT');

1 row created.

SQL> INSERT INTO STUDENTS VALUES(1023,'RUSHIKESH','SVIT');

1 row created.

SQL> INSERT INTO STUDENTS VALUES(1024,'SAURABH','CBIT');

1 row created.

SQL> INSERT INTO STUDENTS VALUES(1025,'ADESH','SVIT');

1 row created.

SQL> INSERT INTO STUDENTS VALUES(1026,'SWAPNIL','SVIT');

1 row created.

SQL> INSERT INTO STUDENTS VALUES(1027,'OM',NULL);

1 row created.

SQL> SELECT*FROM STUDENTS;

      STID SNAME      CCODE
---------- ---------- ----------
      1021 PAVAN      CBIT
      1022 SURAJ      SVIT
      1023 RUSHIKESH  SVIT
      1024 SAURABH    CBIT
      1025 ADESH      SVIT
      1026 SWAPNIL    SVIT
      1027 OM

7 rows selected.

SQL> COMMIT;

Commit complete.

SQL> SELECT*FROM STUDENTS;

      STID SNAME      CCODE
---------- ---------- ----------
      1021 PAVAN      CBIT
      1022 SURAJ      SVIT
      1023 RUSHIKESH  SVIT
      1024 SAURABH    CBIT
      1025 ADESH      SVIT
      1026 SWAPNIL    SVIT
      1027 OM

7 rows selected.

